// Jest Snapshot v1, https://goo.gl/fbAQLP

exports[`Func: getData should get data with correct values 1`] = `
Array [
  "1",
  "2",
  "3",
]
`;
